{
    "-profile test": {
        "content": [
            1,
            {
                "ENSEMBLVEP_DOWNLOAD": {
                    "ensemblvep": 114.2
                }
            },
            [
                "114_R64-1-1",
                "114_R64-1-1/saccharomyces_cerevisiae",
                "114_R64-1-1/saccharomyces_cerevisiae/114_R64-1-1",
                "114_R64-1-1/saccharomyces_cerevisiae/114_R64-1-1/I",
                "114_R64-1-1/saccharomyces_cerevisiae/114_R64-1-1/I/1-1000000.gz",
                "114_R64-1-1/saccharomyces_cerevisiae/114_R64-1-1/I/all_vars.gz",
                "114_R64-1-1/saccharomyces_cerevisiae/114_R64-1-1/I/all_vars.gz.csi",
                "114_R64-1-1/saccharomyces_cerevisiae/114_R64-1-1/II",
                "114_R64-1-1/saccharomyces_cerevisiae/114_R64-1-1/II/1-1000000.gz",
                "114_R64-1-1/saccharomyces_cerevisiae/114_R64-1-1/II/all_vars.gz",
                "114_R64-1-1/saccharomyces_cerevisiae/114_R64-1-1/II/all_vars.gz.csi",
                "114_R64-1-1/saccharomyces_cerevisiae/114_R64-1-1/III",
                "114_R64-1-1/saccharomyces_cerevisiae/114_R64-1-1/III/1-1000000.gz",
                "114_R64-1-1/saccharomyces_cerevisiae/114_R64-1-1/III/all_vars.gz",
                "114_R64-1-1/saccharomyces_cerevisiae/114_R64-1-1/III/all_vars.gz.csi",
                "114_R64-1-1/saccharomyces_cerevisiae/114_R64-1-1/IV",
                "114_R64-1-1/saccharomyces_cerevisiae/114_R64-1-1/IV/1-1000000.gz",
                "114_R64-1-1/saccharomyces_cerevisiae/114_R64-1-1/IV/1000001-2000000.gz",
                "114_R64-1-1/saccharomyces_cerevisiae/114_R64-1-1/IV/all_vars.gz",
                "114_R64-1-1/saccharomyces_cerevisiae/114_R64-1-1/IV/all_vars.gz.csi",
                "114_R64-1-1/saccharomyces_cerevisiae/114_R64-1-1/IX",
                "114_R64-1-1/saccharomyces_cerevisiae/114_R64-1-1/IX/1-1000000.gz",
                "114_R64-1-1/saccharomyces_cerevisiae/114_R64-1-1/IX/all_vars.gz",
                "114_R64-1-1/saccharomyces_cerevisiae/114_R64-1-1/IX/all_vars.gz.csi",
                "114_R64-1-1/saccharomyces_cerevisiae/114_R64-1-1/Mito",
                "114_R64-1-1/saccharomyces_cerevisiae/114_R64-1-1/Mito/1-1000000.gz",
                "114_R64-1-1/saccharomyces_cerevisiae/114_R64-1-1/Mito/all_vars.gz",
                "114_R64-1-1/saccharomyces_cerevisiae/114_R64-1-1/Mito/all_vars.gz.csi",
                "114_R64-1-1/saccharomyces_cerevisiae/114_R64-1-1/V",
                "114_R64-1-1/saccharomyces_cerevisiae/114_R64-1-1/V/1-1000000.gz",
                "114_R64-1-1/saccharomyces_cerevisiae/114_R64-1-1/V/all_vars.gz",
                "114_R64-1-1/saccharomyces_cerevisiae/114_R64-1-1/V/all_vars.gz.csi",
                "114_R64-1-1/saccharomyces_cerevisiae/114_R64-1-1/VI",
                "114_R64-1-1/saccharomyces_cerevisiae/114_R64-1-1/VI/1-1000000.gz",
                "114_R64-1-1/saccharomyces_cerevisiae/114_R64-1-1/VI/all_vars.gz",
                "114_R64-1-1/saccharomyces_cerevisiae/114_R64-1-1/VI/all_vars.gz.csi",
                "114_R64-1-1/saccharomyces_cerevisiae/114_R64-1-1/VII",
                "114_R64-1-1/saccharomyces_cerevisiae/114_R64-1-1/VII/1-1000000.gz",
                "114_R64-1-1/saccharomyces_cerevisiae/114_R64-1-1/VII/1000001-2000000.gz",
                "114_R64-1-1/saccharomyces_cerevisiae/114_R64-1-1/VII/all_vars.gz",
                "114_R64-1-1/saccharomyces_cerevisiae/114_R64-1-1/VII/all_vars.gz.csi",
                "114_R64-1-1/saccharomyces_cerevisiae/114_R64-1-1/VIII",
                "114_R64-1-1/saccharomyces_cerevisiae/114_R64-1-1/VIII/1-1000000.gz",
                "114_R64-1-1/saccharomyces_cerevisiae/114_R64-1-1/VIII/all_vars.gz",
                "114_R64-1-1/saccharomyces_cerevisiae/114_R64-1-1/VIII/all_vars.gz.csi",
                "114_R64-1-1/saccharomyces_cerevisiae/114_R64-1-1/X",
                "114_R64-1-1/saccharomyces_cerevisiae/114_R64-1-1/X/1-1000000.gz",
                "114_R64-1-1/saccharomyces_cerevisiae/114_R64-1-1/X/all_vars.gz",
                "114_R64-1-1/saccharomyces_cerevisiae/114_R64-1-1/X/all_vars.gz.csi",
                "114_R64-1-1/saccharomyces_cerevisiae/114_R64-1-1/XI",
                "114_R64-1-1/saccharomyces_cerevisiae/114_R64-1-1/XI/1-1000000.gz",
                "114_R64-1-1/saccharomyces_cerevisiae/114_R64-1-1/XI/all_vars.gz",
                "114_R64-1-1/saccharomyces_cerevisiae/114_R64-1-1/XI/all_vars.gz.csi",
                "114_R64-1-1/saccharomyces_cerevisiae/114_R64-1-1/XII",
                "114_R64-1-1/saccharomyces_cerevisiae/114_R64-1-1/XII/1-1000000.gz",
                "114_R64-1-1/saccharomyces_cerevisiae/114_R64-1-1/XII/1000001-2000000.gz",
                "114_R64-1-1/saccharomyces_cerevisiae/114_R64-1-1/XII/all_vars.gz",
                "114_R64-1-1/saccharomyces_cerevisiae/114_R64-1-1/XII/all_vars.gz.csi",
                "114_R64-1-1/saccharomyces_cerevisiae/114_R64-1-1/XIII",
                "114_R64-1-1/saccharomyces_cerevisiae/114_R64-1-1/XIII/1-1000000.gz",
                "114_R64-1-1/saccharomyces_cerevisiae/114_R64-1-1/XIII/all_vars.gz",
                "114_R64-1-1/saccharomyces_cerevisiae/114_R64-1-1/XIII/all_vars.gz.csi",
                "114_R64-1-1/saccharomyces_cerevisiae/114_R64-1-1/XIV",
                "114_R64-1-1/saccharomyces_cerevisiae/114_R64-1-1/XIV/1-1000000.gz",
                "114_R64-1-1/saccharomyces_cerevisiae/114_R64-1-1/XIV/all_vars.gz",
                "114_R64-1-1/saccharomyces_cerevisiae/114_R64-1-1/XIV/all_vars.gz.csi",
                "114_R64-1-1/saccharomyces_cerevisiae/114_R64-1-1/XV",
                "114_R64-1-1/saccharomyces_cerevisiae/114_R64-1-1/XV/1-1000000.gz",
                "114_R64-1-1/saccharomyces_cerevisiae/114_R64-1-1/XV/1000001-2000000.gz",
                "114_R64-1-1/saccharomyces_cerevisiae/114_R64-1-1/XV/all_vars.gz",
                "114_R64-1-1/saccharomyces_cerevisiae/114_R64-1-1/XV/all_vars.gz.csi",
                "114_R64-1-1/saccharomyces_cerevisiae/114_R64-1-1/XVI",
                "114_R64-1-1/saccharomyces_cerevisiae/114_R64-1-1/XVI/1-1000000.gz",
                "114_R64-1-1/saccharomyces_cerevisiae/114_R64-1-1/XVI/all_vars.gz",
                "114_R64-1-1/saccharomyces_cerevisiae/114_R64-1-1/XVI/all_vars.gz.csi",
                "114_R64-1-1/saccharomyces_cerevisiae/114_R64-1-1/chr_synonyms.txt",
                "114_R64-1-1/saccharomyces_cerevisiae/114_R64-1-1/info.txt",
                "pipeline_info",
                "pipeline_info/downloadvepcache_software_versions.yml",
                "versions.yml"
            ],
            [
                "1-1000000.gz:md5,faff5abce98640a13352c2cd618b2ec1",
                "all_vars.gz:md5,b81b7678490ce9b237336626f7715f40",
                "all_vars.gz.csi:md5,00f79d6f06b7ac5cc7243b28384187b9",
                "1-1000000.gz:md5,b7c7f8a735a5b06ad64d53ccada352e5",
                "all_vars.gz:md5,61a48f3d7e07d2d9575a7efbc42508d2",
                "all_vars.gz.csi:md5,a7d664476bec71bcae507fd92b816d84",
                "1-1000000.gz:md5,38a995642e0b1f4b941fa8d0b6400377",
                "all_vars.gz:md5,4d8c8446e66ca7ee2bfa27bfd54d6271",
                "all_vars.gz.csi:md5,2989a67781b66360b3ae20252624779d",
                "1-1000000.gz:md5,5387c416b0eb74299bf88eeb53961172",
                "1000001-2000000.gz:md5,5db81b7437eaf83940de69e23c2282ac",
                "all_vars.gz:md5,856cadf36700c1148d35639580c242d0",
                "all_vars.gz.csi:md5,8d45b49760af8a17e060a601b173c844",
                "1-1000000.gz:md5,2ed6a81246e97470574ae064e38d7f2b",
                "all_vars.gz:md5,9ad063d2c8839236e8718d3c0059a48b",
                "all_vars.gz.csi:md5,a768f58a0a95593c22399ce71e64b414",
                "1-1000000.gz:md5,b0f948256afd164063a66fdc5fc25ec2",
                "all_vars.gz:md5,71f73b804553c50a5222513a93665c24",
                "all_vars.gz.csi:md5,48a6a7f62f0296581a20ceeaab305ea6",
                "1-1000000.gz:md5,178fd13d12cafa1ec6acd6d9fd51df64",
                "all_vars.gz:md5,c5caa66729c52d8c0435fe180f86fa26",
                "all_vars.gz.csi:md5,e78b39095add92d666e57cef1c06a83e",
                "1-1000000.gz:md5,c4734efdd6b132dd43dd833d6fad8c3c",
                "all_vars.gz:md5,5746a14690e6d67ad23365294e6e8abe",
                "all_vars.gz.csi:md5,3476fc77c850bc06e4ad3c99fa1bb4e4",
                "1-1000000.gz:md5,29ff01036b1ca3bbf455e1889880546c",
                "1000001-2000000.gz:md5,2806feedf5330809517aecbfdd4b2e07",
                "all_vars.gz:md5,49701e17054c80454eb9070fee15bf81",
                "all_vars.gz.csi:md5,d02682b2c0cf08f6731551fa6deb25f2",
                "1-1000000.gz:md5,5cc95877e7e3bb10908935132abe407e",
                "all_vars.gz:md5,0d32ad7501c9bfc931319eae135b1942",
                "all_vars.gz.csi:md5,8e1c32e8aa7c626aa840a91e22438cae",
                "1-1000000.gz:md5,b03d8d5bc23ae48c89c23584b9f06209",
                "all_vars.gz:md5,2ae8003cb904073b24c1e040028cd7ec",
                "all_vars.gz.csi:md5,c697a0aa2881a36e1a7ee74d271658b2",
                "1-1000000.gz:md5,f0f8589fc6de5510a85a104960c55423",
                "all_vars.gz:md5,4908ed52d1e0b5054f11b73f608d4dba",
                "all_vars.gz.csi:md5,9702b0e550e66367b77f6ab7279a9131",
                "1-1000000.gz:md5,3587357c550a39cab309a92dbef34a32",
                "1000001-2000000.gz:md5,100f8c15cd811ea9e442fa52c0eaaffb",
                "all_vars.gz:md5,0bdfaca27fe6d56544eea91709f10006",
                "all_vars.gz.csi:md5,589f1e69f7e829e6f690fd5cbd6e51b3",
                "1-1000000.gz:md5,7ba27f5c893ef92d3ffbc24f2bd75da3",
                "all_vars.gz:md5,60441155c797bcce7ed5f6a7d6fe1b1b",
                "all_vars.gz.csi:md5,c33a1341876d93f890ea43f622508488",
                "1-1000000.gz:md5,ccf71b3f467707ac9a9dcf6f114f7b33",
                "all_vars.gz:md5,8b0c0101790f978209392cf3e89a0dbe",
                "all_vars.gz.csi:md5,cc7499a172e046d9bbb74b138ba1493b",
                "1-1000000.gz:md5,e98d7b796439adf34ef504a32ddedcd0",
                "1000001-2000000.gz:md5,98ffdc6a44f6fab1aabad7e3204b3a28",
                "all_vars.gz:md5,fe53411f4b57c9e7af7478335306b71b",
                "all_vars.gz.csi:md5,2bd731c786f4a25d5c0a958ae4aa233f",
                "1-1000000.gz:md5,ddec1c0c65070b1a1b64edb4678cf42f",
                "all_vars.gz:md5,95dcf6c120dfc77cddd54d1897c41ea1",
                "all_vars.gz.csi:md5,609687d73d3b140848abc72a8c8fa6fe",
                "chr_synonyms.txt:md5,4fc4752b57df81ad0ff7aadc7dc7f99d",
                "info.txt:md5,f2467b48179991f100c65270037f22a7",
                "versions.yml:md5,30a9e64323547ddacd37cfcc5480194d"
            ]
        ],
        "meta": {
            "nf-test": "0.9.2",
            "nextflow": "25.04.6"
        },
        "timestamp": "2025-08-21T15:15:58.300238127"
    }
}